version https://git-lfs.github.com/spec/v1
oid sha256:12e6339ae69ad4de1cdf793e39a90c610a8693f496abaa2b49bb446dd6d02dbc
size 815
