version https://git-lfs.github.com/spec/v1
oid sha256:2ab245f6493b48a851663ecd9991f8ad73915e317647847c93b06c1bc91aa010
size 620
