version https://git-lfs.github.com/spec/v1
oid sha256:ae59d294dfefd67df711eaa7ad637db5aeb15d2897b48da2a25bedfb4497fd03
size 92
