version https://git-lfs.github.com/spec/v1
oid sha256:15b1a0bc4f843522418c944e56b3a08e7c2a3712017f30dc0dfe064079f19bba
size 100
