version https://git-lfs.github.com/spec/v1
oid sha256:cf386f83b60567af9e48ae23ef2c58cac4a539a4f928fb295da80b516778b0e7
size 526
